exports[`<App /> renders as expected 1`] = `
"<Provider store={{...}}>
  <Connect(App)>
    <App tweets={{...}} statsModalVisible={false} filters={{...}} filterValues={{...}} onShowStats={[Function]} onCloseStats={[Function]} onSetFilter={[Function]}>
      <div className=\"container\">
        <h2>
          Twitter browser demo
        </h2>
        <Connect(SearchBox)>
          <SearchBox placeholder=\"Start by entering username\" fetching={[undefined]} error={[undefined]} onSubmit={[Function]} onChange={[Function]}>
            <form onSubmit={[Function]}>
              <FormGroup bsClass=\"form-group\">
                <div className=\"form-group\">
                  <InputGroup bsClass=\"input-group\">
                    <span className=\"input-group\">
                      <FormControl type=\"text\" placeholder=\"Start by entering username\" onChange={[Function]} componentClass=\"input\" bsClass=\"form-control\">
                        <input placeholder=\"Start by entering username\" onChange={[Function]} type=\"text\" id={[undefined]} className=\"form-control\" />
                      </FormControl>
                      <InputGroupButton bsClass=\"input-group-btn\">
                        <span className=\"input-group-btn\">
                          <Button type=\"submit\" bsStyle=\"primary\" disabled={false} active={false} block={false} bsClass=\"btn\">
                            <button type=\"submit\" disabled={false} className=\"btn btn-primary\">
                              <Glyphicon glyph=\"search\" bsClass=\"glyphicon\">
                                <span className=\"glyphicon glyphicon-search\" />
                              </Glyphicon>
                            </button>
                          </Button>
                        </span>
                      </InputGroupButton>
                    </span>
                  </InputGroup>
                </div>
              </FormGroup>
            </form>
          </SearchBox>
        </Connect(SearchBox)>
        <div>
          <Panel header=\"Filters\" collapsible={true} defaultExpanded={false} bsStyle=\"default\" bsClass=\"panel\">
            <div className=\"panel panel-default\" id={{...}}>
              <div className=\"panel-heading\">
                <h4 role=\"presentation\" className=\"panel-title\">
                  <a role={[undefined]} href={[undefined]} onClick={[Function]} aria-controls={[undefined]} aria-expanded={false} aria-selected={false}>
                    Filters
                  </a>
                </h4>
              </div>
              <Collapse in={false} onEnter={[undefined]} onEntering={[undefined]} onEntered={[undefined]} onExit={[undefined]} onExiting={[undefined]} onExited={[undefined]} timeout={300} unmountOnExit={false} transitionAppear={false} dimension=\"height\" getDimensionValue={[Function]}>
                <Transition in={false} onExited={[Function]} timeout={300} unmountOnExit={false} transitionAppear={false} aria-expanded={{...}} className=\"\" exitedClassName=\"collapse\" exitingClassName=\"collapsing\" enteredClassName=\"collapse in\" enteringClassName=\"collapsing\" onEnter={[Function]} onEntering={[Function]} onEntered={[Function]} onExit={[Function]} onExiting={[Function]}>
                  <div id={[undefined]} role={[undefined]} className=\"panel-collapse collapse\" aria-hidden={true} aria-expanded={{...}}>
                    <div className=\"panel-body\">
                      <Form horizontal={true} bsSize=\"small\" inline={false} componentClass=\"form\" bsClass=\"form\">
                        <form className=\"form-horizontal\" />
                      </Form>
                    </div>
                  </div>
                </Transition>
              </Collapse>
            </div>
          </Panel>
          <a href=\"#\" onClick={[Function]}>
            Show statistics
          </a>
          <SortableTable columns={{...}} records={{...}}>
            <Table striped={true} bordered={true} condensed={true} hover={false} responsive={false} bsClass=\"table\">
              <table className=\"table table-striped table-bordered table-condensed\">
                <thead>
                  <tr>
                    <th className=\"clickable no-wrap\" onClick={[Function]}>
                      <Glyphicon glyph=\"chevron-up\" bsClass=\"glyphicon\">
                        <span className=\"glyphicon glyphicon-chevron-up\" />
                      </Glyphicon>
                      #
                    </th>
                    <th className=\"clickable no-wrap\" onClick={[Function]}>
                      text
                    </th>
                    <th className=\"clickable no-wrap\" onClick={[Function]}>
                      <Glyphicon glyph=\"star\" bsClass=\"glyphicon\">
                        <span className=\"glyphicon glyphicon-star\" />
                      </Glyphicon>
                    </th>
                    <th className=\"clickable no-wrap\" onClick={[Function]}>
                      sent
                    </th>
                  </tr>
                </thead>
                <tbody>
                  <tr className=\"sortable-table-row-0\">
                    <td>
                      0
                    </td>
                    <td>
                      It&#39;s never too early for some twitter drama!
                    </td>
                    <td>
                      0
                    </td>
                    <td>
                      1.1.2016 3:00
                    </td>
                  </tr>
                  <tr className=\"sortable-table-row-1\">
                    <td>
                      1
                    </td>
                    <td>
                      Tweet with one @mention
                    </td>
                    <td>
                      0
                    </td>
                    <td>
                      1.1.2016 9:00
                    </td>
                  </tr>
                  <tr className=\"sortable-table-row-2\">
                    <td>
                      2
                    </td>
                    <td>
                      I can use hastags #awesome
                    </td>
                    <td>
                      1
                    </td>
                    <td>
                      1.1.2016 9:15
                    </td>
                  </tr>
                  <tr className=\"sortable-table-row-3\">
                    <td>
                      3
                    </td>
                    <td>
                      Like this if you approve
                    </td>
                    <td>
                      112
                    </td>
                    <td>
                      1.1.2016 9:30
                    </td>
                  </tr>
                  <tr className=\"sortable-table-row-4\">
                    <td>
                      4
                    </td>
                    <td>
                      @thatOneGuy @thatOtherGuy @thatOneToo I see!
                    </td>
                    <td>
                      0
                    </td>
                    <td>
                      1.1.2016 10:00
                    </td>
                  </tr>
                  <tr className=\"sortable-table-row-5\">
                    <td>
                      5
                    </td>
                    <td>
                      The edgiest of tweets #sobrave #verytrendy #needsmorehashtags 
                    </td>
                    <td>
                      0
                    </td>
                    <td>
                      1.1.2016 10:00
                    </td>
                  </tr>
                </tbody>
              </table>
            </Table>
          </SortableTable>
          <Modal show={false} onHide={[Function]} backdrop={true} keyboard={true} autoFocus={true} enforceFocus={true} manager={{...}} renderBackdrop={[Function]} animation={true} dialogComponentClass={[Function]} bsClass=\"modal\">
            <Modal onHide={[Function]} keyboard={true} autoFocus={true} enforceFocus={true} manager={{...}} renderBackdrop={[Function]} show={false} onEntering={[Function]} onExited={[Function]} backdrop={true} backdropClassName=\"modal-backdrop\" containerClassName=\"modal-open\" transition={[Function]} dialogTransitionTimeout={300} backdropTransitionTimeout={150} />
          </Modal>
        </div>
      </div>
    </App>
  </Connect(App)>
</Provider>"
`;
